echo,'  hello world ',
echo,
echo,Hello,
<,infile,cat,-e,|,wc,-l,>,outfile,
<,infile,cat,-e,|,wc,-l,>,outfile,
(,false,||,wc,-l,),&&,ls,
(,false,||,wc,-l,),&&,ls,
false,||,wc,&&,ls,
false,||,wc,&&,ls,
>,out2,>,out3,>,out4,|,ls,
echo,Hello,>,out2,>,out3,>,out4,|,cat,
true,||,(,wc,-l,&&,ls,),
false,||,(,echo,"Hello",&&,ls,),
echo,'  hello world ',
echo,'hello','world ;',
echo,' '' '' 'abc,
echo,'!@#$%^&* '' asdf''dd 'abc,
echo,"  hello world ",
echo,"hello' 'world ;",
echo," "' '" "abc,
echo,"!@#$%^&* "" asdf""dd "abc,
echo,'hello " $PATH " ',test,abc,
echo,"hello ' $PATH ' ",
echo,Hello'world   ',
echo,'Hello  'world,
